Archive member included to satisfy reference by file (symbol)

/usr/bin/../lib/gcc/arm-none-eabi/7.3.1/thumb/v7-m/libgcc.a(_aeabi_uldivmod.o)
                              hwlib.o (__aeabi_uldivmod)
/usr/bin/../lib/gcc/arm-none-eabi/7.3.1/thumb/v7-m/libgcc.a(_udivmoddi4.o)
                              /usr/bin/../lib/gcc/arm-none-eabi/7.3.1/thumb/v7-m/libgcc.a(_aeabi_uldivmod.o) (__udivmoddi4)
/usr/bin/../lib/gcc/arm-none-eabi/7.3.1/thumb/v7-m/libgcc.a(_dvmd_tls.o)
                              /usr/bin/../lib/gcc/arm-none-eabi/7.3.1/thumb/v7-m/libgcc.a(_aeabi_uldivmod.o) (__aeabi_ldiv0)

Allocating common symbols
Common symbol       size              file

__dso_handle        0x4               bmptk_cortex.o

Discarded input sections

 .group         0x0000000000000000        0x8 matrix.o
 .group         0x0000000000000000        0xc matrix.o
 .group         0x0000000000000000        0x8 matrix.o
 .group         0x0000000000000000        0xc matrix.o
 .text          0x0000000000000000        0x0 matrix.o
 .data          0x0000000000000000        0x0 matrix.o
 .bss           0x0000000000000000        0x0 matrix.o
 .text._ZN3due11ad_pin_infoENS_7ad_pinsE
                0x0000000000000000       0x1c matrix.o
 .text._ZN3due11ad_seq_infoEm
                0x0000000000000000       0x20 matrix.o
 .text._ZN5hwlib9uart_putcEc
                0x0000000000000000        0x4 matrix.o
 .text._ZN5hwlib19uart_char_availableEv
                0x0000000000000000        0x4 matrix.o
 .text._ZN5hwlib9uart_getcEv
                0x0000000000000000        0x4 matrix.o
 .text._ZN6matrix4loopEv
                0x0000000000000000        0xc matrix.o
 .rodata._ZZN3due11ad_pin_infoENS_7ad_pinsEE17ad_pin_info_array
                0x0000000000000000        0xc matrix.o
 .rodata._ZZN3due11ad_seq_infoEmE12ad_seq_array
                0x0000000000000000       0x70 matrix.o
 .group         0x0000000000000000        0xc graphics_drawer.o
 .text          0x0000000000000000        0x0 graphics_drawer.o
 .data          0x0000000000000000        0x0 graphics_drawer.o
 .bss           0x0000000000000000        0x0 graphics_drawer.o
 .text._ZN6sam3xa10SystemInitEv
                0x0000000000000000       0x7c graphics_drawer.o
 .text._ZN3due8pin_infoENS_4pinsE
                0x0000000000000000       0x20 graphics_drawer.o
 .text._ZN3due11ad_pin_infoENS_7ad_pinsE
                0x0000000000000000       0x1c graphics_drawer.o
 .text._ZN3due11ad_seq_infoEm
                0x0000000000000000       0x20 graphics_drawer.o
 .text._ZN3due14port_registersEm
                0x0000000000000000       0x54 graphics_drawer.o
 .text._ZN3due12ticks_per_usEv
                0x0000000000000000        0x6 graphics_drawer.o
 .text._ZN3due9now_ticksEv
                0x0000000000000000       0x80 graphics_drawer.o
 .text._ZN5hwlib9uart_putcEc
                0x0000000000000000        0x4 graphics_drawer.o
 .text._ZN5hwlib19uart_char_availableEv
                0x0000000000000000        0x4 graphics_drawer.o
 .text._ZN5hwlib9uart_getcEv
                0x0000000000000000        0x4 graphics_drawer.o
 .text._ZN15graphics_drawerlsER17updating_drawable
                0x0000000000000000       0x16 graphics_drawer.o
 .bss._ZZN3due9now_ticksEvE4high
                0x0000000000000000        0x8 graphics_drawer.o
 .bss._ZZN3due9now_ticksEvE8last_low
                0x0000000000000000        0x4 graphics_drawer.o
 .bss._ZZN3due9now_ticksEvE9init_done
                0x0000000000000000        0x1 graphics_drawer.o
 .data._ZN6sam3xa15SystemCoreClockE
                0x0000000000000000        0x4 graphics_drawer.o
 .rodata._ZN3due8pin_infoENS_4pinsE.str1.1
                0x0000000000000000       0x32 graphics_drawer.o
 .rodata._ZZN3due11ad_pin_infoENS_7ad_pinsEE17ad_pin_info_array
                0x0000000000000000        0xc graphics_drawer.o
 .rodata._ZZN3due11ad_seq_infoEmE12ad_seq_array
                0x0000000000000000       0x70 graphics_drawer.o
 .rodata._ZZN3due8pin_infoENS_4pinsEE14pin_info_array
                0x0000000000000000       0xa4 graphics_drawer.o
 .group         0x0000000000000000        0x8 hwlib.o
 .group         0x0000000000000000        0x8 hwlib.o
 .group         0x0000000000000000        0x8 hwlib.o
 .group         0x0000000000000000        0x8 hwlib.o
 .group         0x0000000000000000        0x8 hwlib.o
 .group         0x0000000000000000        0x8 hwlib.o
 .group         0x0000000000000000        0x8 hwlib.o
 .group         0x0000000000000000        0x8 hwlib.o
 .group         0x0000000000000000        0x8 hwlib.o
 .group         0x0000000000000000        0x8 hwlib.o
 .group         0x0000000000000000        0x8 hwlib.o
 .group         0x0000000000000000        0x8 hwlib.o
 .group         0x0000000000000000        0x8 hwlib.o
 .group         0x0000000000000000        0x8 hwlib.o
 .group         0x0000000000000000        0x8 hwlib.o
 .group         0x0000000000000000        0x8 hwlib.o
 .group         0x0000000000000000        0x8 hwlib.o
 .group         0x0000000000000000        0x8 hwlib.o
 .group         0x0000000000000000        0x8 hwlib.o
 .group         0x0000000000000000        0x8 hwlib.o
 .group         0x0000000000000000        0x8 hwlib.o
 .group         0x0000000000000000        0x8 hwlib.o
 .group         0x0000000000000000        0x8 hwlib.o
 .group         0x0000000000000000        0x8 hwlib.o
 .group         0x0000000000000000        0x8 hwlib.o
 .group         0x0000000000000000        0x8 hwlib.o
 .group         0x0000000000000000        0x8 hwlib.o
 .group         0x0000000000000000        0x8 hwlib.o
 .group         0x0000000000000000        0x8 hwlib.o
 .group         0x0000000000000000        0x8 hwlib.o
 .group         0x0000000000000000        0x8 hwlib.o
 .group         0x0000000000000000        0x8 hwlib.o
 .group         0x0000000000000000        0x8 hwlib.o
 .group         0x0000000000000000        0x8 hwlib.o
 .group         0x0000000000000000        0x8 hwlib.o
 .group         0x0000000000000000        0x8 hwlib.o
 .group         0x0000000000000000        0x8 hwlib.o
 .group         0x0000000000000000        0x8 hwlib.o
 .group         0x0000000000000000        0x8 hwlib.o
 .group         0x0000000000000000        0x8 hwlib.o
 .group         0x0000000000000000        0x8 hwlib.o
 .group         0x0000000000000000        0x8 hwlib.o
 .group         0x0000000000000000        0x8 hwlib.o
 .group         0x0000000000000000        0x8 hwlib.o
 .group         0x0000000000000000        0x8 hwlib.o
 .group         0x0000000000000000        0x8 hwlib.o
 .group         0x0000000000000000        0x8 hwlib.o
 .group         0x0000000000000000        0x8 hwlib.o
 .group         0x0000000000000000        0x8 hwlib.o
 .group         0x0000000000000000        0x8 hwlib.o
 .group         0x0000000000000000        0x8 hwlib.o
 .group         0x0000000000000000        0x8 hwlib.o
 .group         0x0000000000000000        0x8 hwlib.o
 .group         0x0000000000000000        0x8 hwlib.o
 .group         0x0000000000000000        0x8 hwlib.o
 .group         0x0000000000000000        0x8 hwlib.o
 .group         0x0000000000000000        0x8 hwlib.o
 .group         0x0000000000000000        0x8 hwlib.o
 .group         0x0000000000000000        0x8 hwlib.o
 .group         0x0000000000000000        0x8 hwlib.o
 .group         0x0000000000000000        0x8 hwlib.o
 .group         0x0000000000000000        0x8 hwlib.o
 .group         0x0000000000000000        0x8 hwlib.o
 .group         0x0000000000000000        0x8 hwlib.o
 .group         0x0000000000000000        0x8 hwlib.o
 .group         0x0000000000000000        0x8 hwlib.o
 .group         0x0000000000000000        0x8 hwlib.o
 .group         0x0000000000000000        0x8 hwlib.o
 .group         0x0000000000000000        0x8 hwlib.o
 .group         0x0000000000000000        0x8 hwlib.o
 .group         0x0000000000000000        0x8 hwlib.o
 .group         0x0000000000000000        0x8 hwlib.o
 .group         0x0000000000000000        0x8 hwlib.o
 .group         0x0000000000000000        0x8 hwlib.o
 .group         0x0000000000000000        0x8 hwlib.o
 .group         0x0000000000000000        0x8 hwlib.o
 .group         0x0000000000000000        0x8 hwlib.o
 .group         0x0000000000000000        0x8 hwlib.o
 .group         0x0000000000000000        0x8 hwlib.o
 .group         0x0000000000000000        0x8 hwlib.o
 .group         0x0000000000000000        0x8 hwlib.o
 .group         0x0000000000000000        0x8 hwlib.o
 .group         0x0000000000000000        0x8 hwlib.o
 .group         0x0000000000000000        0x8 hwlib.o
 .group         0x0000000000000000        0x8 hwlib.o
 .group         0x0000000000000000        0x8 hwlib.o
 .group         0x0000000000000000        0x8 hwlib.o
 .group         0x0000000000000000        0x8 hwlib.o
 .group         0x0000000000000000        0x8 hwlib.o
 .group         0x0000000000000000        0x8 hwlib.o
 .group         0x0000000000000000        0x8 hwlib.o
 .group         0x0000000000000000        0x8 hwlib.o
 .group         0x0000000000000000        0x8 hwlib.o
 .group         0x0000000000000000        0x8 hwlib.o
 .group         0x0000000000000000        0x8 hwlib.o
 .group         0x0000000000000000        0x8 hwlib.o
 .group         0x0000000000000000        0x8 hwlib.o
 .group         0x0000000000000000        0x8 hwlib.o
 .group         0x0000000000000000        0x8 hwlib.o
 .group         0x0000000000000000        0x8 hwlib.o
 .group         0x0000000000000000        0x8 hwlib.o
 .group         0x0000000000000000        0x8 hwlib.o
 .group         0x0000000000000000        0x8 hwlib.o
 .group         0x0000000000000000        0x8 hwlib.o
 .group         0x0000000000000000        0x8 hwlib.o
 .group         0x0000000000000000        0x8 hwlib.o
 .group         0x0000000000000000        0x8 hwlib.o
 .group         0x0000000000000000        0x8 hwlib.o
 .group         0x0000000000000000        0x8 hwlib.o
 .group         0x0000000000000000        0x8 hwlib.o
 .group         0x0000000000000000        0x8 hwlib.o
 .group         0x0000000000000000        0x8 hwlib.o
 .group         0x0000000000000000        0x8 hwlib.o
 .group         0x0000000000000000        0x8 hwlib.o
 .group         0x0000000000000000        0x8 hwlib.o
 .group         0x0000000000000000        0x8 hwlib.o
 .group         0x0000000000000000        0x8 hwlib.o
 .group         0x0000000000000000        0x8 hwlib.o
 .group         0x0000000000000000        0x8 hwlib.o
 .group         0x0000000000000000        0x8 hwlib.o
 .group         0x0000000000000000        0x8 hwlib.o
 .group         0x0000000000000000        0x8 hwlib.o
 .group         0x0000000000000000        0x8 hwlib.o
 .group         0x0000000000000000        0x8 hwlib.o
 .group         0x0000000000000000        0x8 hwlib.o
 .group         0x0000000000000000        0x8 hwlib.o
 .group         0x0000000000000000        0x8 hwlib.o
 .group         0x0000000000000000        0x8 hwlib.o
 .group         0x0000000000000000        0x8 hwlib.o
 .group         0x0000000000000000        0x8 hwlib.o
 .group         0x0000000000000000        0x8 hwlib.o
 .group         0x0000000000000000        0x8 hwlib.o
 .group         0x0000000000000000        0x8 hwlib.o
 .group         0x0000000000000000        0x8 hwlib.o
 .group         0x0000000000000000        0x8 hwlib.o
 .group         0x0000000000000000        0x8 hwlib.o
 .group         0x0000000000000000        0x8 hwlib.o
 .group         0x0000000000000000        0x8 hwlib.o
 .group         0x0000000000000000        0x8 hwlib.o
 .group         0x0000000000000000        0x8 hwlib.o
 .group         0x0000000000000000        0x8 hwlib.o
 .group         0x0000000000000000        0x8 hwlib.o
 .group         0x0000000000000000        0x8 hwlib.o
 .group         0x0000000000000000        0x8 hwlib.o
 .group         0x0000000000000000        0x8 hwlib.o
 .group         0x0000000000000000        0x8 hwlib.o
 .group         0x0000000000000000        0x8 hwlib.o
 .group         0x0000000000000000        0x8 hwlib.o
 .group         0x0000000000000000        0x8 hwlib.o
 .group         0x0000000000000000        0x8 hwlib.o
 .group         0x0000000000000000        0x8 hwlib.o
 .group         0x0000000000000000        0x8 hwlib.o
 .group         0x0000000000000000        0x8 hwlib.o
 .group         0x0000000000000000        0x8 hwlib.o
 .group         0x0000000000000000        0x8 hwlib.o
 .group         0x0000000000000000        0x8 hwlib.o
 .group         0x0000000000000000        0x8 hwlib.o
 .group         0x0000000000000000        0x8 hwlib.o
 .group         0x0000000000000000        0x8 hwlib.o
 .group         0x0000000000000000        0x8 hwlib.o
 .group         0x0000000000000000        0x8 hwlib.o
 .group         0x0000000000000000        0x8 hwlib.o
 .group         0x0000000000000000        0x8 hwlib.o
 .group         0x0000000000000000        0x8 hwlib.o
 .group         0x0000000000000000        0x8 hwlib.o
 .group         0x0000000000000000        0x8 hwlib.o
 .group         0x0000000000000000        0x8 hwlib.o
 .group         0x0000000000000000        0x8 hwlib.o
 .group         0x0000000000000000        0x8 hwlib.o
 .group         0x0000000000000000        0x8 hwlib.o
 .group         0x0000000000000000        0x8 hwlib.o
 .group         0x0000000000000000        0x8 hwlib.o
 .group         0x0000000000000000        0x8 hwlib.o
 .group         0x0000000000000000        0x8 hwlib.o
 .group         0x0000000000000000        0x8 hwlib.o
 .group         0x0000000000000000        0x8 hwlib.o
 .group         0x0000000000000000        0x8 hwlib.o
 .group         0x0000000000000000        0x8 hwlib.o
 .group         0x0000000000000000        0x8 hwlib.o
 .group         0x0000000000000000        0x8 hwlib.o
 .group         0x0000000000000000        0x8 hwlib.o
 .group         0x0000000000000000        0x8 hwlib.o
 .group         0x0000000000000000        0x8 hwlib.o
 .group         0x0000000000000000        0x8 hwlib.o
 .group         0x0000000000000000        0xc hwlib.o
 .group         0x0000000000000000        0x8 hwlib.o
 .group         0x0000000000000000        0x8 hwlib.o
 .group         0x0000000000000000        0x8 hwlib.o
 .group         0x0000000000000000        0x8 hwlib.o
 .group         0x0000000000000000        0x8 hwlib.o
 .group         0x0000000000000000        0x8 hwlib.o
 .group         0x0000000000000000        0x8 hwlib.o
 .group         0x0000000000000000        0xc hwlib.o
 .group         0x0000000000000000        0x8 hwlib.o
 .group         0x0000000000000000        0xc hwlib.o
 .group         0x0000000000000000        0xc hwlib.o
 .group         0x0000000000000000        0x8 hwlib.o
 .group         0x0000000000000000        0xc hwlib.o
 .group         0x0000000000000000        0xc hwlib.o
 .group         0x0000000000000000        0x8 hwlib.o
 .group         0x0000000000000000        0xc hwlib.o
 .group         0x0000000000000000        0xc hwlib.o
 .group         0x0000000000000000        0xc hwlib.o
 .group         0x0000000000000000        0xc hwlib.o
 .group         0x0000000000000000        0xc hwlib.o
 .group         0x0000000000000000        0x8 hwlib.o
 .group         0x0000000000000000        0xc hwlib.o
 .group         0x0000000000000000        0xc hwlib.o
 .group         0x0000000000000000        0xc hwlib.o
 .group         0x0000000000000000        0xc hwlib.o
 .group         0x0000000000000000        0xc hwlib.o
 .group         0x0000000000000000        0xc hwlib.o
 .group         0x0000000000000000        0xc hwlib.o
 .group         0x0000000000000000        0xc hwlib.o
 .group         0x0000000000000000        0xc hwlib.o
 .group         0x0000000000000000        0xc hwlib.o
 .group         0x0000000000000000        0xc hwlib.o
 .group         0x0000000000000000        0xc hwlib.o
 .group         0x0000000000000000        0xc hwlib.o
 .group         0x0000000000000000        0xc hwlib.o
 .group         0x0000000000000000        0xc hwlib.o
 .group         0x0000000000000000        0xc hwlib.o
 .group         0x0000000000000000        0xc hwlib.o
 .group         0x0000000000000000        0xc hwlib.o
 .group         0x0000000000000000        0xc hwlib.o
 .group         0x0000000000000000        0xc hwlib.o
 .group         0x0000000000000000        0xc hwlib.o
 .group         0x0000000000000000        0xc hwlib.o
 .group         0x0000000000000000        0xc hwlib.o
 .group         0x0000000000000000        0xc hwlib.o
 .group         0x0000000000000000        0xc hwlib.o
 .group         0x0000000000000000        0xc hwlib.o
 .group         0x0000000000000000        0xc hwlib.o
 .group         0x0000000000000000        0xc hwlib.o
 .group         0x0000000000000000        0xc hwlib.o
 .group         0x0000000000000000        0xc hwlib.o
 .group         0x0000000000000000        0xc hwlib.o
 .group         0x0000000000000000        0xc hwlib.o
 .group         0x0000000000000000        0xc hwlib.o
 .group         0x0000000000000000        0xc hwlib.o
 .group         0x0000000000000000        0xc hwlib.o
 .group         0x0000000000000000        0xc hwlib.o
 .group         0x0000000000000000        0xc hwlib.o
 .group         0x0000000000000000        0xc hwlib.o
 .group         0x0000000000000000        0xc hwlib.o
 .group         0x0000000000000000        0xc hwlib.o
 .group         0x0000000000000000        0xc hwlib.o
 .group         0x0000000000000000        0xc hwlib.o
 .group         0x0000000000000000        0xc hwlib.o
 .group         0x0000000000000000        0xc hwlib.o
 .group         0x0000000000000000        0xc hwlib.o
 .group         0x0000000000000000        0xc hwlib.o
 .group         0x0000000000000000        0xc hwlib.o
 .group         0x0000000000000000        0xc hwlib.o
 .group         0x0000000000000000        0xc hwlib.o
 .group         0x0000000000000000        0xc hwlib.o
 .group         0x0000000000000000        0xc hwlib.o
 .group         0x0000000000000000        0xc hwlib.o
 .group         0x0000000000000000        0xc hwlib.o
 .group         0x0000000000000000        0xc hwlib.o
 .group         0x0000000000000000        0xc hwlib.o
 .group         0x0000000000000000        0xc hwlib.o
 .group         0x0000000000000000        0xc hwlib.o
 .group         0x0000000000000000        0xc hwlib.o
 .group         0x0000000000000000        0xc hwlib.o
 .group         0x0000000000000000        0xc hwlib.o
 .group         0x0000000000000000        0xc hwlib.o
 .group         0x0000000000000000        0xc hwlib.o
 .group         0x0000000000000000        0xc hwlib.o
 .group         0x0000000000000000        0xc hwlib.o
 .group         0x0000000000000000        0xc hwlib.o
 .group         0x0000000000000000        0xc hwlib.o
 .group         0x0000000000000000        0xc hwlib.o
 .group         0x0000000000000000        0xc hwlib.o
 .group         0x0000000000000000        0xc hwlib.o
 .text          0x0000000000000000        0x0 hwlib.o
 .data          0x0000000000000000        0x0 hwlib.o
 .bss           0x0000000000000000        0x0 hwlib.o
 .text._ZN5hwlib18pin_in_out_dummy_t5writeEb
                0x0000000000000000        0x2 hwlib.o
 .text._ZN5hwlib18pin_in_out_dummy_t4readEv
                0x0000000000000000        0x4 hwlib.o
 .text._ZN5hwlib18pin_in_out_dummy_t19direction_set_inputEv
                0x0000000000000000        0x2 hwlib.o
 .text._ZN5hwlib18pin_in_out_dummy_t20direction_set_outputEv
                0x0000000000000000        0x2 hwlib.o
 .text._ZN5hwlib18pin_in_out_dummy_t5flushEv
                0x0000000000000000        0x2 hwlib.o
 .text._ZN5hwlib18pin_in_out_dummy_t7refreshEv
                0x0000000000000000        0x2 hwlib.o
 .text._ZN5hwlib18pin_in_out_dummy_t15direction_flushEv
                0x0000000000000000        0x2 hwlib.o
 .text._ZN5hwlib14pin_in_dummy_t4readEv
                0x0000000000000000        0x4 hwlib.o
 .text._ZN5hwlib14pin_in_dummy_t7refreshEv
                0x0000000000000000        0x2 hwlib.o
 .text._ZN5hwlib14pin_oc_dummy_t5writeEb
                0x0000000000000000        0x2 hwlib.o
 .text._ZN5hwlib14pin_oc_dummy_t4readEv
                0x0000000000000000        0x4 hwlib.o
 .text._ZN5hwlib14pin_oc_dummy_t5flushEv
                0x0000000000000000        0x2 hwlib.o
 .text._ZN5hwlib14pin_oc_dummy_t7refreshEv
                0x0000000000000000        0x2 hwlib.o
 .text._ZN5hwlib17pin_out_from_oc_t5writeEb
                0x0000000000000000        0x8 hwlib.o
 .text._ZN5hwlib17pin_out_from_oc_t5flushEv
                0x0000000000000000        0x8 hwlib.o
 .text._ZN5hwlib18pin_out_from_out_t5writeEb
                0x0000000000000000        0x8 hwlib.o
 .text._ZN5hwlib18pin_out_from_out_t5flushEv
                0x0000000000000000        0x8 hwlib.o
 .text._ZN5hwlib21pin_out_from_in_out_t5writeEb
                0x0000000000000000        0x8 hwlib.o
 .text._ZN5hwlib21pin_out_from_in_out_t5flushEv
                0x0000000000000000        0x8 hwlib.o
 .text._ZN5hwlib16pin_in_from_oc_t4readEv
                0x0000000000000000        0x8 hwlib.o
 .text._ZN5hwlib16pin_in_from_oc_t7refreshEv
                0x0000000000000000        0x8 hwlib.o
 .text._ZN5hwlib16pin_in_from_in_t4readEv
                0x0000000000000000        0x8 hwlib.o
 .text._ZN5hwlib16pin_in_from_in_t7refreshEv
                0x0000000000000000        0x8 hwlib.o
 .text._ZN5hwlib20pin_in_from_in_out_t4readEv
                0x0000000000000000        0x8 hwlib.o
 .text._ZN5hwlib20pin_in_from_in_out_t7refreshEv
                0x0000000000000000        0x8 hwlib.o
 .text._ZN5hwlib20pin_in_out_from_oc_t19direction_set_inputEv
                0x0000000000000000        0xe hwlib.o
 .text._ZN5hwlib20pin_in_out_from_oc_t20direction_set_outputEv
                0x0000000000000000        0x6 hwlib.o
 .text._ZN5hwlib20pin_in_out_from_oc_t4readEv
                0x0000000000000000        0x8 hwlib.o
 .text._ZN5hwlib20pin_in_out_from_oc_t5flushEv
                0x0000000000000000        0x8 hwlib.o
 .text._ZN5hwlib20pin_in_out_from_oc_t7refreshEv
                0x0000000000000000        0x8 hwlib.o
 .text._ZN5hwlib20pin_in_out_from_oc_t15direction_flushEv
                0x0000000000000000        0x8 hwlib.o
 .text._ZN5hwlib24pin_in_out_from_in_out_t19direction_set_inputEv
                0x0000000000000000        0x8 hwlib.o
 .text._ZN5hwlib24pin_in_out_from_in_out_t20direction_set_outputEv
                0x0000000000000000        0x8 hwlib.o
 .text._ZN5hwlib24pin_in_out_from_in_out_t4readEv
                0x0000000000000000        0x8 hwlib.o
 .text._ZN5hwlib24pin_in_out_from_in_out_t5writeEb
                0x0000000000000000        0x8 hwlib.o
 .text._ZN5hwlib24pin_in_out_from_in_out_t5flushEv
                0x0000000000000000        0x8 hwlib.o
 .text._ZN5hwlib24pin_in_out_from_in_out_t7refreshEv
                0x0000000000000000        0x8 hwlib.o
 .text._ZN5hwlib24pin_in_out_from_in_out_t15direction_flushEv
                0x0000000000000000        0x8 hwlib.o
 .text._ZN5hwlib16pin_oc_from_oc_t4readEv
                0x0000000000000000        0x8 hwlib.o
 .text._ZN5hwlib16pin_oc_from_oc_t5writeEb
                0x0000000000000000        0x8 hwlib.o
 .text._ZN5hwlib16pin_oc_from_oc_t5flushEv
                0x0000000000000000        0x8 hwlib.o
 .text._ZN5hwlib16pin_oc_from_oc_t7refreshEv
                0x0000000000000000        0x8 hwlib.o
 .text._ZN5hwlib20pin_oc_from_in_out_t4readEv
                0x0000000000000000        0x8 hwlib.o
 .text._ZN5hwlib20pin_oc_from_in_out_t5flushEv
                0x0000000000000000       0x18 hwlib.o
 .text._ZN5hwlib20pin_oc_from_in_out_t7refreshEv
                0x0000000000000000        0x8 hwlib.o
 .text._ZN5hwlib21pin_invert_from_out_t5writeEb
                0x0000000000000000        0xc hwlib.o
 .text._ZN5hwlib21pin_invert_from_out_t5flushEv
                0x0000000000000000        0x8 hwlib.o
 .text._ZN5hwlib20pin_invert_from_in_t4readEv
                0x0000000000000000       0x12 hwlib.o
 .text._ZN5hwlib20pin_invert_from_in_t7refreshEv
                0x0000000000000000        0x8 hwlib.o
 .text._ZN5hwlib24pin_invert_from_in_out_t4readEv
                0x0000000000000000       0x12 hwlib.o
 .text._ZN5hwlib24pin_invert_from_in_out_t5writeEb
                0x0000000000000000        0xc hwlib.o
 .text._ZN5hwlib24pin_invert_from_in_out_t19direction_set_inputEv
                0x0000000000000000        0x8 hwlib.o
 .text._ZN5hwlib24pin_invert_from_in_out_t20direction_set_outputEv
                0x0000000000000000        0x8 hwlib.o
 .text._ZN5hwlib24pin_invert_from_in_out_t7refreshEv
                0x0000000000000000        0x8 hwlib.o
 .text._ZN5hwlib24pin_invert_from_in_out_t5flushEv
                0x0000000000000000        0x8 hwlib.o
 .text._ZN5hwlib24pin_invert_from_in_out_t15direction_flushEv
                0x0000000000000000        0x8 hwlib.o
 .text._ZN5hwlib20pin_invert_from_oc_t4readEv
                0x0000000000000000       0x12 hwlib.o
 .text._ZN5hwlib20pin_invert_from_oc_t5writeEb
                0x0000000000000000        0xc hwlib.o
 .text._ZN5hwlib20pin_invert_from_oc_t7refreshEv
                0x0000000000000000        0x8 hwlib.o
 .text._ZN5hwlib20pin_invert_from_oc_t5flushEv
                0x0000000000000000        0x8 hwlib.o
 .text._ZN5hwlib18all_from_pin_out_t5writeEb
                0x0000000000000000       0x1e hwlib.o
 .text._ZN5hwlib18all_from_pin_out_t5flushEv
                0x0000000000000000       0x1a hwlib.o
 .text._ZN5hwlib24pin_direct_from_in_out_t5writeEb
                0x0000000000000000       0x18 hwlib.o
 .text._ZN5hwlib24pin_direct_from_in_out_t4readEv
                0x0000000000000000       0x18 hwlib.o
 .text._ZN5hwlib24pin_direct_from_in_out_t19direction_set_inputEv
                0x0000000000000000       0x18 hwlib.o
 .text._ZN5hwlib24pin_direct_from_in_out_t20direction_set_outputEv
                0x0000000000000000       0x18 hwlib.o
 .text._ZN5hwlib24pin_direct_from_in_out_t5flushEv
                0x0000000000000000        0x2 hwlib.o
 .text._ZN5hwlib24pin_direct_from_in_out_t7refreshEv
                0x0000000000000000        0x2 hwlib.o
 .text._ZN5hwlib24pin_direct_from_in_out_t15direction_flushEv
                0x0000000000000000        0x2 hwlib.o
 .text._ZN5hwlib20pin_direct_from_in_t4readEv
                0x0000000000000000       0x18 hwlib.o
 .text._ZN5hwlib20pin_direct_from_in_t7refreshEv
                0x0000000000000000        0x2 hwlib.o
 .text._ZN5hwlib21pin_direct_from_out_t5writeEb
                0x0000000000000000       0x18 hwlib.o
 .text._ZN5hwlib21pin_direct_from_out_t5flushEv
                0x0000000000000000        0x2 hwlib.o
 .text._ZN5hwlib20pin_direct_from_oc_t5writeEb
                0x0000000000000000       0x18 hwlib.o
 .text._ZN5hwlib20pin_direct_from_oc_t4readEv
                0x0000000000000000       0x18 hwlib.o
 .text._ZN5hwlib20pin_direct_from_oc_t5flushEv
                0x0000000000000000        0x2 hwlib.o
 .text._ZN5hwlib20pin_direct_from_oc_t7refreshEv
                0x0000000000000000        0x2 hwlib.o
 .text._ZN5hwlib18port_out_from_oc_t14number_of_pinsEv
                0x0000000000000000        0x8 hwlib.o
 .text._ZN5hwlib18port_out_from_oc_t5writeEj
                0x0000000000000000        0x8 hwlib.o
 .text._ZN5hwlib18port_out_from_oc_t5flushEv
                0x0000000000000000        0x8 hwlib.o
 .text._ZN5hwlib19port_out_from_out_t14number_of_pinsEv
                0x0000000000000000        0x8 hwlib.o
 .text._ZN5hwlib19port_out_from_out_t5writeEj
                0x0000000000000000        0x8 hwlib.o
 .text._ZN5hwlib19port_out_from_out_t5flushEv
                0x0000000000000000        0x8 hwlib.o
 .text._ZN5hwlib22port_out_from_in_out_t14number_of_pinsEv
                0x0000000000000000        0x8 hwlib.o
 .text._ZN5hwlib22port_out_from_in_out_t5writeEj
                0x0000000000000000        0x8 hwlib.o
 .text._ZN5hwlib22port_out_from_in_out_t5flushEv
                0x0000000000000000        0x8 hwlib.o
 .text._ZN5hwlib17port_in_from_oc_t14number_of_pinsEv
                0x0000000000000000        0x8 hwlib.o
 .text._ZN5hwlib17port_in_from_oc_t4readEv
                0x0000000000000000        0x8 hwlib.o
 .text._ZN5hwlib17port_in_from_oc_t7refreshEv
                0x0000000000000000        0x8 hwlib.o
 .text._ZN5hwlib17port_in_from_in_t14number_of_pinsEv
                0x0000000000000000        0x8 hwlib.o
 .text._ZN5hwlib17port_in_from_in_t4readEv
                0x0000000000000000        0x8 hwlib.o
 .text._ZN5hwlib17port_in_from_in_t7refreshEv
                0x0000000000000000        0x8 hwlib.o
 .text._ZN5hwlib21port_in_from_in_out_t14number_of_pinsEv
                0x0000000000000000        0x8 hwlib.o
 .text._ZN5hwlib21port_in_from_in_out_t4readEv
                0x0000000000000000        0x8 hwlib.o
 .text._ZN5hwlib21port_in_from_in_out_t7refreshEv
                0x0000000000000000        0x8 hwlib.o
 .text._ZN5hwlib21port_in_out_from_oc_t14number_of_pinsEv
                0x0000000000000000        0x8 hwlib.o
 .text._ZN5hwlib21port_in_out_from_oc_t19direction_set_inputEv
                0x0000000000000000        0xe hwlib.o
 .text._ZN5hwlib21port_in_out_from_oc_t20direction_set_outputEv
                0x0000000000000000        0x6 hwlib.o
 .text._ZN5hwlib21port_in_out_from_oc_t4readEv
                0x0000000000000000        0x8 hwlib.o
 .text._ZN5hwlib21port_in_out_from_oc_t5flushEv
                0x0000000000000000        0x8 hwlib.o
 .text._ZN5hwlib21port_in_out_from_oc_t7refreshEv
                0x0000000000000000        0x8 hwlib.o
 .text._ZN5hwlib21port_in_out_from_oc_t15direction_flushEv
                0x0000000000000000        0x8 hwlib.o
 .text._ZN5hwlib25port_in_out_from_in_out_t14number_of_pinsEv
                0x0000000000000000        0x8 hwlib.o
 .text._ZN5hwlib25port_in_out_from_in_out_t19direction_set_inputEv
                0x0000000000000000        0x8 hwlib.o
 .text._ZN5hwlib25port_in_out_from_in_out_t20direction_set_outputEv
                0x0000000000000000        0x8 hwlib.o
 .text._ZN5hwlib25port_in_out_from_in_out_t4readEv
                0x0000000000000000        0x8 hwlib.o
 .text._ZN5hwlib25port_in_out_from_in_out_t5writeEj
                0x0000000000000000        0x8 hwlib.o
 .text._ZN5hwlib25port_in_out_from_in_out_t5flushEv
                0x0000000000000000        0x8 hwlib.o
 .text._ZN5hwlib25port_in_out_from_in_out_t7refreshEv
                0x0000000000000000        0x8 hwlib.o
 .text._ZN5hwlib25port_in_out_from_in_out_t15direction_flushEv
                0x0000000000000000        0x8 hwlib.o
 .text._ZN5hwlib17port_oc_from_oc_t14number_of_pinsEv
                0x0000000000000000        0x8 hwlib.o
 .text._ZN5hwlib17port_oc_from_oc_t4readEv
                0x0000000000000000        0x8 hwlib.o
 .text._ZN5hwlib17port_oc_from_oc_t5writeEj
                0x0000000000000000        0x8 hwlib.o
 .text._ZN5hwlib17port_oc_from_oc_t5flushEv
                0x0000000000000000        0x8 hwlib.o
 .text._ZN5hwlib17port_oc_from_oc_t7refreshEv
                0x0000000000000000        0x8 hwlib.o
 .text._ZN5hwlib23port_in_out_from_pins_t14number_of_pinsEv
                0x0000000000000000        0x4 hwlib.o
 .text._ZN5hwlib23port_in_out_from_pins_t19direction_set_inputEv
                0x0000000000000000       0x20 hwlib.o
 .text._ZN5hwlib23port_in_out_from_pins_t20direction_set_outputEv
                0x0000000000000000       0x20 hwlib.o
 .text._ZN5hwlib23port_in_out_from_pins_t15direction_flushEv
                0x0000000000000000       0x20 hwlib.o
 .text._ZN5hwlib23port_in_out_from_pins_t4readEv
                0x0000000000000000       0x2a hwlib.o
 .text._ZN5hwlib23port_in_out_from_pins_t7refreshEv
                0x0000000000000000       0x20 hwlib.o
 .text._ZN5hwlib23port_in_out_from_pins_t5writeEj
                0x0000000000000000       0x28 hwlib.o
 .text._ZN5hwlib23port_in_out_from_pins_t5flushEv
                0x0000000000000000       0x20 hwlib.o
 .text._ZN5hwlib19port_in_from_pins_t14number_of_pinsEv
                0x0000000000000000        0x4 hwlib.o
 .text._ZN5hwlib19port_in_from_pins_t4readEv
                0x0000000000000000       0x2a hwlib.o
 .text._ZN5hwlib19port_in_from_pins_t7refreshEv
                0x0000000000000000       0x20 hwlib.o
 .text._ZN5hwlib23port_out_from_pins_oc_t14number_of_pinsEv
                0x0000000000000000        0x4 hwlib.o
 .text._ZN5hwlib23port_out_from_pins_oc_t5writeEj
                0x0000000000000000       0x28 hwlib.o
 .text._ZN5hwlib23port_out_from_pins_oc_t5flushEv
                0x0000000000000000       0x20 hwlib.o
 .text._ZN5hwlib19port_oc_from_pins_t14number_of_pinsEv
                0x0000000000000000        0x4 hwlib.o
 .text._ZN5hwlib19port_oc_from_pins_t4readEv
                0x0000000000000000       0x2a hwlib.o
 .text._ZN5hwlib19port_oc_from_pins_t5writeEj
                0x0000000000000000       0x28 hwlib.o
 .text._ZN5hwlib19port_oc_from_pins_t7refreshEv
                0x0000000000000000       0x20 hwlib.o
 .text._ZN5hwlib19port_oc_from_pins_t5flushEv
                0x0000000000000000       0x20 hwlib.o
 .text._ZN5hwlib25port_invert_from_in_out_t19direction_set_inputEv
                0x0000000000000000        0x8 hwlib.o
 .text._ZN5hwlib25port_invert_from_in_out_t20direction_set_outputEv
                0x0000000000000000        0x8 hwlib.o
 .text._ZN5hwlib25port_invert_from_in_out_t14number_of_pinsEv
                0x0000000000000000        0x8 hwlib.o
 .text._ZN5hwlib25port_invert_from_in_out_t4readEv
                0x0000000000000000        0xe hwlib.o
 .text._ZN5hwlib25port_invert_from_in_out_t7refreshEv
                0x0000000000000000        0x8 hwlib.o
 .text._ZN5hwlib25port_invert_from_in_out_t5writeEj
                0x0000000000000000        0xa hwlib.o
 .text._ZN5hwlib25port_invert_from_in_out_t5flushEv
                0x0000000000000000        0x8 hwlib.o
 .text._ZN5hwlib25port_invert_from_in_out_t15direction_flushEv
                0x0000000000000000        0x8 hwlib.o
 .text._ZN5hwlib21port_invert_from_in_t14number_of_pinsEv
                0x0000000000000000        0x8 hwlib.o
 .text._ZN5hwlib21port_invert_from_in_t4readEv
                0x0000000000000000        0xe hwlib.o
 .text._ZN5hwlib21port_invert_from_in_t7refreshEv
                0x0000000000000000        0x8 hwlib.o
 .text._ZN5hwlib22port_invert_from_out_t14number_of_pinsEv
                0x0000000000000000        0x8 hwlib.o
 .text._ZN5hwlib22port_invert_from_out_t5writeEj
                0x0000000000000000        0xa hwlib.o
 .text._ZN5hwlib22port_invert_from_out_t5flushEv
                0x0000000000000000        0x8 hwlib.o
 .text._ZN5hwlib21port_invert_from_oc_t14number_of_pinsEv
                0x0000000000000000        0x8 hwlib.o
 .text._ZN5hwlib21port_invert_from_oc_t4readEv
                0x0000000000000000        0xe hwlib.o
 .text._ZN5hwlib21port_invert_from_oc_t7refreshEv
                0x0000000000000000        0x8 hwlib.o
 .text._ZN5hwlib21port_invert_from_oc_t5writeEj
                0x0000000000000000        0xa hwlib.o
 .text._ZN5hwlib21port_invert_from_oc_t5flushEv
                0x0000000000000000        0x8 hwlib.o
 .text._ZN5hwlib19all_from_port_out_t5writeEb
                0x0000000000000000       0x12 hwlib.o
 .text._ZN5hwlib19all_from_port_out_t5flushEv
                0x0000000000000000        0x8 hwlib.o
 .text._ZN5hwlib25port_direct_from_in_out_t14number_of_pinsEv
                0x0000000000000000        0x8 hwlib.o
 .text._ZN5hwlib25port_direct_from_in_out_t5writeEj
                0x0000000000000000       0x18 hwlib.o
 .text._ZN5hwlib25port_direct_from_in_out_t4readEv
                0x0000000000000000       0x18 hwlib.o
 .text._ZN5hwlib25port_direct_from_in_out_t19direction_set_inputEv
                0x0000000000000000       0x18 hwlib.o
 .text._ZN5hwlib25port_direct_from_in_out_t20direction_set_outputEv
                0x0000000000000000       0x18 hwlib.o
 .text._ZN5hwlib25port_direct_from_in_out_t5flushEv
                0x0000000000000000        0x2 hwlib.o
 .text._ZN5hwlib25port_direct_from_in_out_t7refreshEv
                0x0000000000000000        0x2 hwlib.o
 .text._ZN5hwlib25port_direct_from_in_out_t15direction_flushEv
                0x0000000000000000        0x2 hwlib.o
 .text._ZN5hwlib21port_direct_from_in_t14number_of_pinsEv
                0x0000000000000000        0x8 hwlib.o
 .text._ZN5hwlib21port_direct_from_in_t4readEv
                0x0000000000000000       0x18 hwlib.o
 .text._ZN5hwlib21port_direct_from_in_t7refreshEv
                0x0000000000000000        0x2 hwlib.o
 .text._ZN5hwlib22port_direct_from_out_t14number_of_pinsEv
                0x0000000000000000        0x8 hwlib.o
 .text._ZN5hwlib22port_direct_from_out_t5writeEj
                0x0000000000000000       0x18 hwlib.o
 .text._ZN5hwlib22port_direct_from_out_t5flushEv
                0x0000000000000000        0x2 hwlib.o
 .text._ZN5hwlib21port_direct_from_oc_t14number_of_pinsEv
                0x0000000000000000        0x8 hwlib.o
 .text._ZN5hwlib21port_direct_from_oc_t5writeEj
                0x0000000000000000       0x18 hwlib.o
 .text._ZN5hwlib21port_direct_from_oc_t4readEv
                0x0000000000000000       0x18 hwlib.o
 .text._ZN5hwlib21port_direct_from_oc_t5flushEv
                0x0000000000000000        0x2 hwlib.o
 .text._ZN5hwlib21port_direct_from_oc_t7refreshEv
                0x0000000000000000        0x2 hwlib.o
 .text._ZN5hwlib7istream11getc_nowaitEv
                0x0000000000000000       0x1a hwlib.o
 .text._ZN5hwlib20cout_using_uart_putc5flushEv
                0x0000000000000000        0x2 hwlib.o
 .text._ZN5hwlib13servo_dummy_t8write_usEi
                0x0000000000000000        0x2 hwlib.o
 .text._ZN5hwlib14servo_invert_t8write_usEi
                0x0000000000000000       0x12 hwlib.o
 .text._ZN5hwlib11servo_all_t8write_usEi
                0x0000000000000000       0x20 hwlib.o
 .text._ZNK5hwlib9image_8x819read_implementationENS_2xyE
                0x0000000000000000       0x44 hwlib.o
 .text._ZN5hwlib13window_part_t5flushEv
                0x0000000000000000        0x8 hwlib.o
 .text._ZN5hwlib15window_invert_t5flushEv
                0x0000000000000000        0x8 hwlib.o
 .text._ZN5hwlib20pin_in_out_from_oc_t5writeEb
                0x0000000000000000        0xe hwlib.o
 .text._ZN5hwlib20pin_oc_from_in_out_t5writeEb
                0x0000000000000000       0x26 hwlib.o
 .text._ZN5hwlib21port_in_out_from_oc_t5writeEj
                0x0000000000000000        0xe hwlib.o
 .text._ZN5hwlib6window20clear_implementationENS_5colorE
                0x0000000000000000       0x72 hwlib.o
 .text._ZN5hwlib6window5clearENS_5colorE
                0x0000000000000000       0x56 hwlib.o
 .text._ZNK5hwlib5colorngEv
                0x0000000000000000       0x2e hwlib.o
 .text._ZN5hwlib4randEv
                0x0000000000000000       0x1c hwlib.o
 .text._ZN5hwlib9random_inEjj
                0x0000000000000000       0x1a hwlib.o
 .text._ZN5hwlib9random_inERKNS_2xyE
                0x0000000000000000       0x24 hwlib.o
 .text._ZN5hwlib21pin_out_from_in_out_tC2ERNS_10pin_in_outE
                0x0000000000000000       0x24 hwlib.o
 .text._ZN5hwlib12pin_out_fromERNS_6pin_ocE
                0x0000000000000000        0xc hwlib.o
 .text._ZN5hwlib12pin_out_fromERNS_7pin_outE
                0x0000000000000000        0xc hwlib.o
 .text._ZN5hwlib12pin_out_fromERNS_10pin_in_outE
                0x0000000000000000        0xc hwlib.o
 .text._ZN5hwlib11pin_in_fromERNS_6pin_inE
                0x0000000000000000        0xc hwlib.o
 .text._ZN5hwlib11pin_in_fromERNS_10pin_in_outE
                0x0000000000000000       0x24 hwlib.o
 .text._ZN5hwlib11pin_in_fromERNS_6pin_ocE
                0x0000000000000000       0x28 hwlib.o
 .text._ZN5hwlib15pin_in_out_fromERNS_6pin_ocE
                0x0000000000000000        0xc hwlib.o
 .text._ZN5hwlib15pin_in_out_fromERNS_10pin_in_outE
                0x0000000000000000        0xc hwlib.o
 .text._ZN5hwlib11pin_oc_fromERNS_6pin_ocE
                0x0000000000000000        0xc hwlib.o
 .text._ZN5hwlib11pin_oc_fromERNS_10pin_in_outE
                0x0000000000000000        0xc hwlib.o
 .text._ZN5hwlib6invertERNS_7pin_outE
                0x0000000000000000        0xc hwlib.o
 .text._ZN5hwlib6invertERNS_6pin_inE
                0x0000000000000000        0xc hwlib.o
 .text._ZN5hwlib6invertERNS_10pin_in_outE
                0x0000000000000000        0xc hwlib.o
 .text._ZN5hwlib6invertERNS_6pin_ocE
                0x0000000000000000        0xc hwlib.o
 .text._ZN5hwlib3allERNS_7pin_outES1_S1_S1_S1_S1_S1_S1_S1_S1_S1_S1_S1_S1_S1_S1_
                0x0000000000000000       0x48 hwlib.o
 .text._ZN5hwlib6directERNS_7pin_outE
                0x0000000000000000        0xc hwlib.o
 .text._ZN5hwlib6directERNS_6pin_inE
                0x0000000000000000        0xc hwlib.o
 .text._ZN5hwlib6directERNS_10pin_in_outE
                0x0000000000000000        0xc hwlib.o
 .text._ZN5hwlib6directERNS_6pin_ocE
                0x0000000000000000        0xc hwlib.o
 .text._ZN5hwlib22port_out_from_in_out_tC2ERNS_11port_in_outE
                0x0000000000000000       0x24 hwlib.o
 .text._ZN5hwlib13port_out_fromERNS_7port_ocE
                0x0000000000000000        0xc hwlib.o
 .text._ZN5hwlib13port_out_fromERNS_8port_outE
                0x0000000000000000        0xc hwlib.o
 .text._ZN5hwlib13port_out_fromERNS_11port_in_outE
                0x0000000000000000        0xc hwlib.o
 .text._ZN5hwlib12port_in_fromERNS_7port_inE
                0x0000000000000000        0xc hwlib.o
 .text._ZN5hwlib12port_in_fromERNS_11port_in_outE
                0x0000000000000000       0x24 hwlib.o
 .text._ZN5hwlib12port_in_fromERNS_7port_ocE
                0x0000000000000000       0x28 hwlib.o
 .text._ZN5hwlib16port_in_out_fromERNS_7port_ocE
                0x0000000000000000        0xc hwlib.o
 .text._ZN5hwlib16port_in_out_fromERNS_11port_in_outE
                0x0000000000000000        0xc hwlib.o
 .text._ZN5hwlib12port_oc_fromERNS_7port_ocE
                0x0000000000000000        0xc hwlib.o
 .text._ZN5hwlib16port_in_out_fromERNS_10pin_in_outES1_S1_S1_S1_S1_S1_S1_S1_S1_S1_S1_S1_S1_S1_S1_
                0x0000000000000000       0x68 hwlib.o
 .text._ZN5hwlib13port_out_fromERNS_6pin_ocES1_S1_S1_S1_S1_S1_S1_S1_S1_S1_S1_S1_S1_S1_S1_
                0x0000000000000000       0x68 hwlib.o
 .text._ZN5hwlib13port_out_fromERNS_7pin_outES1_S1_S1_S1_S1_S1_S1_S1_S1_S1_S1_S1_S1_S1_S1_
                0x0000000000000000       0x68 hwlib.o
 .text._ZN5hwlib12port_in_fromERNS_6pin_inES1_S1_S1_S1_S1_S1_S1_S1_S1_S1_S1_S1_S1_S1_S1_
                0x0000000000000000       0x68 hwlib.o
 .text._ZN5hwlib12port_oc_fromERNS_6pin_ocES1_S1_S1_S1_S1_S1_S1_S1_S1_S1_S1_S1_S1_S1_S1_
                0x0000000000000000       0x68 hwlib.o
 .text._ZN5hwlib6invertERNS_8port_outE
                0x0000000000000000        0xc hwlib.o
 .text._ZN5hwlib6invertERNS_7port_inE
                0x0000000000000000        0xc hwlib.o
 .text._ZN5hwlib6invertERNS_11port_in_outE
                0x0000000000000000        0xc hwlib.o
 .text._ZN5hwlib6invertERNS_7port_ocE
                0x0000000000000000        0xc hwlib.o
 .text._ZN5hwlib3allERNS_8port_outE
                0x0000000000000000        0xc hwlib.o
 .text._ZN5hwlib6directERNS_8port_outE
                0x0000000000000000        0xc hwlib.o
 .text._ZN5hwlib6directERNS_7port_inE
                0x0000000000000000        0xc hwlib.o
 .text._ZN5hwlib6directERNS_11port_in_outE
                0x0000000000000000        0xc hwlib.o
 .text._ZN5hwlib6directERNS_7port_ocE
                0x0000000000000000        0xc hwlib.o
 .text._ZN5hwlib7ostreamlsEc
                0x0000000000000000        0xe hwlib.o
 .text._ZN5hwliblsERNS_7ostreamEPKc
                0x0000000000000000       0x66 hwlib.o
 .text._ZN5hwliblsERNS_7ostreamEi
                0x0000000000000000       0xce hwlib.o
 .text._ZN5hwlib6strlenEPKc
                0x0000000000000000       0x10 hwlib.o
 .text._ZN5hwlib8test_endEv
                0x0000000000000000       0x58 hwlib.o
 .text._ZN5hwlib6invertERNS_5servoE
                0x0000000000000000       0x20 hwlib.o
 .text._ZN5hwlib3allERNS_5servoES1_S1_S1_S1_S1_S1_S1_S1_S1_S1_S1_S1_S1_S1_S1_
                0x0000000000000000       0x5c hwlib.o
 .text._ZNK5hwlib5image4readENS_2xyE
                0x0000000000000000       0x3a hwlib.o
 .text._ZNK5hwlib16image_mirror_y_t19read_implementationENS_2xyE
                0x0000000000000000       0x44 hwlib.o
 .text._ZNK5hwlib16image_mirror_x_t19read_implementationENS_2xyE
                0x0000000000000000       0x46 hwlib.o
 .text._ZNK5hwlib17image_transpose_t19read_implementationENS_2xyE
                0x0000000000000000       0x3e hwlib.o
 .text._ZNK5hwlib14image_invert_t19read_implementationENS_2xyE
                0x0000000000000000       0x64 hwlib.o
 .text._ZNK5hwlib12image_part_t19read_implementationENS_2xyE
                0x0000000000000000       0x4c hwlib.o
 .text._ZN5hwlib4partERKNS_5imageENS_2xyES3_
                0x0000000000000000       0x28 hwlib.o
 .text._ZN5hwlib6invertERKNS_5imageE
                0x0000000000000000       0x18 hwlib.o
 .text._ZN5hwlib9transposeERKNS_5imageE
                0x0000000000000000       0x18 hwlib.o
 .text._ZN5hwlib8mirror_xERKNS_5imageE
                0x0000000000000000       0x18 hwlib.o
 .text._ZN5hwlib8mirror_yERKNS_5imageE
                0x0000000000000000       0x18 hwlib.o
 .text._ZN5hwlib15window_invert_t20write_implementationENS_2xyENS_5colorE
                0x0000000000000000       0x28 hwlib.o
 .text._ZN5hwlib13window_part_t20write_implementationENS_2xyENS_5colorE
                0x0000000000000000       0x2e hwlib.o
 .text._ZN5hwlib6circle4drawERNS_6windowE
                0x0000000000000000      0x174 hwlib.o
 .text._ZN5hwlib4partERNS_6windowENS_2xyES2_
                0x0000000000000000       0x5c hwlib.o
 .text._ZN5hwlib6invertERNS_6windowE
                0x0000000000000000       0x68 hwlib.o
 .text._ZN6sam3xa10SystemInitEv
                0x0000000000000000       0x7c hwlib.o
 .text._ZN3due8pin_infoENS_4pinsE
                0x0000000000000000       0x20 hwlib.o
 .text._ZN3due11ad_pin_infoENS_7ad_pinsE
                0x0000000000000000       0x1c hwlib.o
 .text._ZN3due11ad_seq_infoEm
                0x0000000000000000       0x20 hwlib.o
 .text._ZN3due14port_registersEm
                0x0000000000000000       0x54 hwlib.o
 .text._ZN3due12ticks_per_usEv
                0x0000000000000000        0x6 hwlib.o
 .text._ZN3due9now_ticksEv
                0x0000000000000000       0x80 hwlib.o
 .text._ZN3due9uart_initEv
                0x0000000000000000       0x60 hwlib.o
 .text._ZN3due19uart_char_availableEv
                0x0000000000000000       0x18 hwlib.o
 .text._ZN3due9uart_getcEv
                0x0000000000000000       0x1c hwlib.o
 .text._ZN3due9uart_putcEc
                0x0000000000000000       0x20 hwlib.o
 .text._ZN5hwlib9uart_putcEc
                0x0000000000000000        0x4 hwlib.o
 .text._ZN5hwlib20cout_using_uart_putc4putcEc
                0x0000000000000000        0xa hwlib.o
 .text._ZN5hwlib19uart_char_availableEv
                0x0000000000000000        0x4 hwlib.o
 .text._ZN5hwlib19cin_using_uart_getc14char_availableEv
                0x0000000000000000        0x8 hwlib.o
 .text._ZN5hwlib9uart_getcEv
                0x0000000000000000        0x4 hwlib.o
 .text._ZN5hwlib19cin_using_uart_getc4getcEv
                0x0000000000000000        0x8 hwlib.o
 .text._ZN5hwlib9now_ticksEv
                0x0000000000000000        0x8 hwlib.o
 .text._ZN5hwlib12ticks_per_usEv
                0x0000000000000000        0x8 hwlib.o
 .text._ZN5hwlib12wait_us_busyEi
                0x0000000000000000       0x1c hwlib.o
 .text._ZN5hwlib24uart_putc_bit_banged_pinEcRNS_7pin_outE
                0x0000000000000000       0x56 hwlib.o
 .text._ZN5hwlib12wait_ns_busyEi
                0x0000000000000000       0x10 hwlib.o
 .text._ZN5hwlib12wait_ms_busyEi
                0x0000000000000000       0x16 hwlib.o
 .text._ZN5hwlib7wait_nsEi
                0x0000000000000000       0x14 hwlib.o
 .text._ZN5hwlib24uart_getc_bit_banged_pinERNS_6pin_inE
                0x0000000000000000       0x72 hwlib.o
 .text._ZN5hwlib5blinkERNS_7pin_outEj
                0x0000000000000000       0x38 hwlib.o
 .text._ZN5hwlib5blinkERNS_10pin_in_outEj
                0x0000000000000000       0x14 hwlib.o
 .text._ZN5hwlib5blinkERNS_6pin_ocEj
                0x0000000000000000       0x14 hwlib.o
 .text._ZN5hwlib5blinkERNS_7pin_outEjj
                0x0000000000000000       0x42 hwlib.o
 .text._ZN5hwlib5blinkERNS_6pin_ocEjj
                0x0000000000000000       0x18 hwlib.o
 .text._ZN5hwlib5blinkERNS_10pin_in_outEjj
                0x0000000000000000       0x1c hwlib.o
 .text._ZN5hwlib4kittERNS_8port_outEj
                0x0000000000000000       0x50 hwlib.o
 .text._ZN5hwlib4kittERNS_11port_in_outEj
                0x0000000000000000       0x14 hwlib.o
 .text._ZN5hwlib4kittERNS_7port_ocEj
                0x0000000000000000       0x14 hwlib.o
 .text._ZN5hwlib5snakeERNS_8port_outEj
                0x0000000000000000       0x30 hwlib.o
 .text._ZN5hwlib5snakeERNS_11port_in_outEj
                0x0000000000000000       0x14 hwlib.o
 .text._ZN5hwlib5snakeERNS_7port_ocEj
                0x0000000000000000       0x14 hwlib.o
 .text._ZN5hwlib14scrolling_textERNS_8terminalEPKcjjj
                0x0000000000000000       0x64 hwlib.o
 .text._ZN5hwlib12dac_triangleERNS_3dacEj
                0x0000000000000000       0x36 hwlib.o
 .text._ZN5hwlib21graphics_random_linesERNS_6windowEjRKNS_5colorE
                0x0000000000000000       0x88 hwlib.o
 .text._ZN5hwlib23graphics_random_circlesERNS_6windowEjRKNS_5colorE
                0x0000000000000000       0x90 hwlib.o
 .rodata._ZTVN5hwlib18pin_in_out_dummy_tE
                0x0000000000000000       0x24 hwlib.o
 .rodata._ZTVN5hwlib14pin_in_dummy_tE
                0x0000000000000000       0x10 hwlib.o
 .rodata._ZTVN5hwlib14pin_oc_dummy_tE
                0x0000000000000000       0x18 hwlib.o
 .rodata._ZTVN5hwlib17pin_out_from_oc_tE
                0x0000000000000000       0x10 hwlib.o
 .rodata._ZTVN5hwlib18pin_out_from_out_tE
                0x0000000000000000       0x10 hwlib.o
 .rodata._ZTVN5hwlib21pin_out_from_in_out_tE
                0x0000000000000000       0x10 hwlib.o
 .rodata._ZTVN5hwlib16pin_in_from_oc_tE
                0x0000000000000000       0x10 hwlib.o
 .rodata._ZTVN5hwlib16pin_in_from_in_tE
                0x0000000000000000       0x10 hwlib.o
 .rodata._ZTVN5hwlib20pin_in_from_in_out_tE
                0x0000000000000000       0x10 hwlib.o
 .rodata._ZTVN5hwlib20pin_in_out_from_oc_tE
                0x0000000000000000       0x24 hwlib.o
 .rodata._ZTVN5hwlib24pin_in_out_from_in_out_tE
                0x0000000000000000       0x24 hwlib.o
 .rodata._ZTVN5hwlib16pin_oc_from_oc_tE
                0x0000000000000000       0x18 hwlib.o
 .rodata._ZTVN5hwlib20pin_oc_from_in_out_tE
                0x0000000000000000       0x18 hwlib.o
 .rodata._ZTVN5hwlib21pin_invert_from_out_tE
                0x0000000000000000       0x10 hwlib.o
 .rodata._ZTVN5hwlib20pin_invert_from_in_tE
                0x0000000000000000       0x10 hwlib.o
 .rodata._ZTVN5hwlib24pin_invert_from_in_out_tE
                0x0000000000000000       0x24 hwlib.o
 .rodata._ZTVN5hwlib20pin_invert_from_oc_tE
                0x0000000000000000       0x18 hwlib.o
 .rodata._ZTVN5hwlib18all_from_pin_out_tE
                0x0000000000000000       0x10 hwlib.o
 .rodata._ZTVN5hwlib24pin_direct_from_in_out_tE
                0x0000000000000000       0x24 hwlib.o
 .rodata._ZTVN5hwlib20pin_direct_from_in_tE
                0x0000000000000000       0x10 hwlib.o
 .rodata._ZTVN5hwlib21pin_direct_from_out_tE
                0x0000000000000000       0x10 hwlib.o
 .rodata._ZTVN5hwlib20pin_direct_from_oc_tE
                0x0000000000000000       0x18 hwlib.o
 .rodata._ZTVN5hwlib18port_out_from_oc_tE
                0x0000000000000000       0x14 hwlib.o
 .rodata._ZTVN5hwlib19port_out_from_out_tE
                0x0000000000000000       0x14 hwlib.o
 .rodata._ZTVN5hwlib22port_out_from_in_out_tE
                0x0000000000000000       0x14 hwlib.o
 .rodata._ZTVN5hwlib17port_in_from_oc_tE
                0x0000000000000000       0x14 hwlib.o
 .rodata._ZTVN5hwlib17port_in_from_in_tE
                0x0000000000000000       0x14 hwlib.o
 .rodata._ZTVN5hwlib21port_in_from_in_out_tE
                0x0000000000000000       0x14 hwlib.o
 .rodata._ZTVN5hwlib21port_in_out_from_oc_tE
                0x0000000000000000       0x28 hwlib.o
 .rodata._ZTVN5hwlib25port_in_out_from_in_out_tE
                0x0000000000000000       0x28 hwlib.o
 .rodata._ZTVN5hwlib17port_oc_from_oc_tE
                0x0000000000000000       0x1c hwlib.o
 .rodata._ZTVN5hwlib23port_in_out_from_pins_tE
                0x0000000000000000       0x28 hwlib.o
 .rodata._ZTVN5hwlib19port_in_from_pins_tE
                0x0000000000000000       0x14 hwlib.o
 .rodata._ZTVN5hwlib23port_out_from_pins_oc_tE
                0x0000000000000000       0x14 hwlib.o
 .rodata._ZTVN5hwlib19port_oc_from_pins_tE
                0x0000000000000000       0x1c hwlib.o
 .rodata._ZTVN5hwlib25port_invert_from_in_out_tE
                0x0000000000000000       0x28 hwlib.o
 .rodata._ZTVN5hwlib21port_invert_from_in_tE
                0x0000000000000000       0x14 hwlib.o
 .rodata._ZTVN5hwlib22port_invert_from_out_tE
                0x0000000000000000       0x14 hwlib.o
 .rodata._ZTVN5hwlib21port_invert_from_oc_tE
                0x0000000000000000       0x1c hwlib.o
 .rodata._ZTVN5hwlib19all_from_port_out_tE
                0x0000000000000000       0x10 hwlib.o
 .rodata._ZTVN5hwlib25port_direct_from_in_out_tE
                0x0000000000000000       0x28 hwlib.o
 .rodata._ZTVN5hwlib21port_direct_from_in_tE
                0x0000000000000000       0x14 hwlib.o
 .rodata._ZTVN5hwlib22port_direct_from_out_tE
                0x0000000000000000       0x14 hwlib.o
 .rodata._ZTVN5hwlib21port_direct_from_oc_tE
                0x0000000000000000       0x1c hwlib.o
 .rodata._ZTVN5hwlib20cout_using_uart_putcE
                0x0000000000000000       0x10 hwlib.o
 .rodata._ZTVN5hwlib19cin_using_uart_getcE
                0x0000000000000000       0x14 hwlib.o
 .rodata._ZTVN5hwlib13servo_dummy_tE
                0x0000000000000000        0xc hwlib.o
 .rodata._ZTVN5hwlib14servo_invert_tE
                0x0000000000000000        0xc hwlib.o
 .rodata._ZTVN5hwlib11servo_all_tE
                0x0000000000000000        0xc hwlib.o
 .rodata._ZTVN5hwlib9image_8x8E
                0x0000000000000000        0xc hwlib.o
 .rodata._ZTVN5hwlib12image_part_tE
                0x0000000000000000        0xc hwlib.o
 .rodata._ZTVN5hwlib14image_invert_tE
                0x0000000000000000        0xc hwlib.o
 .rodata._ZTVN5hwlib17image_transpose_tE
                0x0000000000000000        0xc hwlib.o
 .rodata._ZTVN5hwlib16image_mirror_x_tE
                0x0000000000000000        0xc hwlib.o
 .rodata._ZTVN5hwlib16image_mirror_y_tE
                0x0000000000000000        0xc hwlib.o
 .rodata._ZTVN5hwlib6circleE
                0x0000000000000000        0xc hwlib.o
 .rodata._ZTVN5hwlib13window_part_tE
                0x0000000000000000       0x18 hwlib.o
 .rodata._ZTVN5hwlib15window_invert_tE
                0x0000000000000000       0x18 hwlib.o
 .bss._ZN5hwlib11string_base5dummyE
                0x0000000000000000        0x1 hwlib.o
 .bss._ZN5hwlib18_equal_calls_countE
                0x0000000000000000        0x4 hwlib.o
 .bss._ZN5hwlib18random_chain_valueE
                0x0000000000000000        0x4 hwlib.o
 .bss._ZN5hwlib21_equal_failures_countE
                0x0000000000000000        0x4 hwlib.o
 .bss._ZZN3due9now_ticksEvE4high
                0x0000000000000000        0x8 hwlib.o
 .bss._ZZN3due9now_ticksEvE8last_low
                0x0000000000000000        0x4 hwlib.o
 .bss._ZZN3due9now_ticksEvE9init_done
                0x0000000000000000        0x1 hwlib.o
 .bss._ZZN3due9uart_initEvE9init_done
                0x0000000000000000        0x1 hwlib.o
 .data._ZN3due7hw_uartE
                0x0000000000000000        0x4 hwlib.o
 .data._ZN5hwlib11servo_dummyE
                0x0000000000000000       0x14 hwlib.o
 .data._ZN5hwlib12pin_in_dummyE
                0x0000000000000000        0x4 hwlib.o
 .data._ZN5hwlib12pin_oc_dummyE
                0x0000000000000000        0x4 hwlib.o
 .data._ZN5hwlib16pin_in_out_dummyE
                0x0000000000000000        0x4 hwlib.o
 .data._ZN5hwlib3cinE
                0x0000000000000000        0x4 hwlib.o
 .data._ZN5hwlib4coutE
                0x0000000000000000       0x14 hwlib.o
 .data._ZN6sam3xa15SystemCoreClockE
                0x0000000000000000        0x4 hwlib.o
 .rodata._ZN3due8pin_infoENS_4pinsE.str1.1
                0x0000000000000000       0x32 hwlib.o
 .rodata._ZN5hwlib15font_16x16_dataE
                0x0000000000000000      0xbe4 hwlib.o
 .rodata._ZN5hwlib16font_default_8x86imagesE
                0x0000000000000000      0xa00 hwlib.o
 .rodata._ZN5hwlib8test_endEv.str1.1
                0x0000000000000000       0x54 hwlib.o
 .rodata._ZN5hwlibL11unspecifiedE
                0x0000000000000000        0x4 hwlib.o
 .rodata._ZN5hwlibL5blackE
                0x0000000000000000        0x4 hwlib.o
 .rodata._ZN5hwlibL5whiteE
                0x0000000000000000        0x4 hwlib.o
 .rodata._ZZN3due11ad_pin_infoENS_7ad_pinsEE17ad_pin_info_array
                0x0000000000000000        0xc hwlib.o
 .rodata._ZZN3due11ad_seq_infoEmE12ad_seq_array
                0x0000000000000000       0x70 hwlib.o
 .rodata._ZZN3due8pin_infoENS_4pinsEE14pin_info_array
                0x0000000000000000       0xa4 hwlib.o
 .group         0x0000000000000000        0x8 main.o
 .group         0x0000000000000000        0x8 main.o
 .group         0x0000000000000000        0x8 main.o
 .group         0x0000000000000000        0x8 main.o
 .group         0x0000000000000000        0x8 main.o
 .group         0x0000000000000000        0x8 main.o
 .group         0x0000000000000000        0x8 main.o
 .group         0x0000000000000000        0x8 main.o
 .group         0x0000000000000000        0x8 main.o
 .group         0x0000000000000000        0xc main.o
 .group         0x0000000000000000        0x8 main.o
 .group         0x0000000000000000        0xc main.o
 .group         0x0000000000000000        0xc main.o
 .group         0x0000000000000000        0x8 main.o
 .group         0x0000000000000000        0xc main.o
 .group         0x0000000000000000        0xc main.o
 .group         0x0000000000000000        0xc main.o
 .group         0x0000000000000000        0xc main.o
 .text          0x0000000000000000        0x0 main.o
 .data          0x0000000000000000        0x0 main.o
 .bss           0x0000000000000000        0x0 main.o
 .text._ZN5hwlib20port_out_from_pins_t14number_of_pinsEv
                0x0000000000000000        0x4 main.o
 .text._ZN5hwlib20port_out_from_pins_t5writeEj
                0x0000000000000000       0x28 main.o
 .text._ZN5hwlib20port_out_from_pins_t5flushEv
                0x0000000000000000       0x20 main.o
 .text._ZN5hwlib4line4drawERNS_6windowE
                0x0000000000000000      0x102 main.o
 .text._ZN5hwlib6window20clear_implementationENS_5colorE
                0x0000000000000000       0x7c main.o
 .text._ZN5hwlib6window5clearENS_5colorE
                0x0000000000000000       0x56 main.o
 .text._ZN6sam3xa10SystemInitEv
                0x0000000000000000       0x7c main.o
 .text._ZN3due8pin_infoENS_4pinsE
                0x0000000000000000       0x20 main.o
 .text._ZN3due11ad_pin_infoENS_7ad_pinsE
                0x0000000000000000       0x1c main.o
 .text._ZN3due11ad_seq_infoEm
                0x0000000000000000       0x20 main.o
 .text._ZN3due14port_registersEm
                0x0000000000000000       0x54 main.o
 .text._ZN3due12ticks_per_usEv
                0x0000000000000000        0x6 main.o
 .text._ZN3due9now_ticksEv
                0x0000000000000000       0x80 main.o
 .text._ZN5hwlib9uart_putcEc
                0x0000000000000000        0x4 main.o
 .text._ZN5hwlib19uart_char_availableEv
                0x0000000000000000        0x4 main.o
 .text._ZN5hwlib9uart_getcEv
                0x0000000000000000        0x4 main.o
 .rodata._ZTVN5hwlib20port_out_from_pins_tE
                0x0000000000000000       0x14 main.o
 .rodata._ZTVN5hwlib4lineE
                0x0000000000000000        0xc main.o
 .bss._ZZN3due9now_ticksEvE4high
                0x0000000000000000        0x8 main.o
 .bss._ZZN3due9now_ticksEvE8last_low
                0x0000000000000000        0x4 main.o
 .bss._ZZN3due9now_ticksEvE9init_done
                0x0000000000000000        0x1 main.o
 .data._ZN6sam3xa15SystemCoreClockE
                0x0000000000000000        0x4 main.o
 .rodata._ZN3due8pin_infoENS_4pinsE.str1.1
                0x0000000000000000       0x32 main.o
 .rodata._ZZN3due11ad_pin_infoENS_7ad_pinsEE17ad_pin_info_array
                0x0000000000000000        0xc main.o
 .rodata._ZZN3due11ad_seq_infoEmE12ad_seq_array
                0x0000000000000000       0x70 main.o
 .rodata._ZZN3due8pin_infoENS_4pinsEE14pin_info_array
                0x0000000000000000       0xa4 main.o
 .text          0x0000000000000000        0x0 bmptk_cortex.o
 .data          0x0000000000000000        0x0 bmptk_cortex.o
 .bss           0x0000000000000000        0x0 bmptk_cortex.o
 .text.__aeabi_idiv0
                0x0000000000000000        0x4 bmptk_cortex.o
 .text.__cxa_pure_virtual
                0x0000000000000000        0x2 bmptk_cortex.o
 COMMON         0x0000000000000000        0x4 bmptk_cortex.o
 .text          0x0000000000000000        0x0 bmptk_heap_none.o
 .data          0x0000000000000000        0x0 bmptk_heap_none.o
 .bss           0x0000000000000000        0x0 bmptk_heap_none.o
 .text.malloc   0x0000000000000000        0xa bmptk_heap_none.o
 .text.free     0x0000000000000000        0x4 bmptk_heap_none.o
 .comment       0x0000000000000000       0x80 bmptk_heap_none.o
 .text          0x0000000000000000        0x0 bmptk_fixed_size_stack.o
 .data          0x0000000000000000        0x0 bmptk_fixed_size_stack.o
 .bss           0x0000000000000000        0x0 bmptk_fixed_size_stack.o
 .data          0x0000000000000000        0x0 /usr/bin/../lib/gcc/arm-none-eabi/7.3.1/thumb/v7-m/libgcc.a(_aeabi_uldivmod.o)
 .bss           0x0000000000000000        0x0 /usr/bin/../lib/gcc/arm-none-eabi/7.3.1/thumb/v7-m/libgcc.a(_aeabi_uldivmod.o)
 .data          0x0000000000000000        0x0 /usr/bin/../lib/gcc/arm-none-eabi/7.3.1/thumb/v7-m/libgcc.a(_udivmoddi4.o)
 .bss           0x0000000000000000        0x0 /usr/bin/../lib/gcc/arm-none-eabi/7.3.1/thumb/v7-m/libgcc.a(_udivmoddi4.o)
 .ARM.extab     0x0000000000000000        0x0 /usr/bin/../lib/gcc/arm-none-eabi/7.3.1/thumb/v7-m/libgcc.a(_udivmoddi4.o)
 .data          0x0000000000000000        0x0 /usr/bin/../lib/gcc/arm-none-eabi/7.3.1/thumb/v7-m/libgcc.a(_dvmd_tls.o)
 .bss           0x0000000000000000        0x0 /usr/bin/../lib/gcc/arm-none-eabi/7.3.1/thumb/v7-m/libgcc.a(_dvmd_tls.o)

Memory Configuration

Name             Origin             Length             Attributes
rom              0x0000000000000000 0x0000000000080000 xr
ram              0x0000000020000000 0x0000000000018000 xrw
nul              0x0000000020018000 0x0000000000000000 xrw
*default*        0x0000000000000000 0xffffffffffffffff

Linker script and memory map

LOAD /usr/bin/../lib/gcc/arm-none-eabi/7.3.1/thumb/v7-m/libgcc.a
LOAD matrix.o
LOAD graphics_drawer.o
LOAD hwlib.o
LOAD main.o
LOAD bmptk_cortex.o
LOAD bmptk_heap_none.o
LOAD bmptk_fixed_size_stack.o
LOAD /usr/bin/../lib/gcc/arm-none-eabi/7.3.1/../../../../arm-none-eabi/lib/thumb/v7-m/libm.a
LOAD /usr/bin/../lib/gcc/arm-none-eabi/7.3.1/thumb/v7-m/libgcc.a
LOAD /usr/bin/../lib/gcc/arm-none-eabi/7.3.1/../../../../arm-none-eabi/lib/thumb/v7-m/libc.a
                0x0000000000000000                __rom_start = ORIGIN (rom)
                0x0000000000080000                __rom_size = LENGTH (rom)
                0x0000000000080000                __rom_end = (__rom_start + __rom_size)
                0x0000000020000000                __ram_start = ORIGIN (ram)
                0x0000000000018000                __ram_size = LENGTH (ram)
                0x0000000020018000                __ram_end = (__ram_start + __ram_size)
                [!provide]                        PROVIDE (__rom_start = __rom_start)
                [!provide]                        PROVIDE (__rom_size = __rom_size)
                [!provide]                        PROVIDE (__rom_end = __rom_end)
                [!provide]                        PROVIDE (__ram_start = __ram_start)
                [!provide]                        PROVIDE (__ram_size = __ram_size)
                [!provide]                        PROVIDE (__ram_end = __ram_end)

.text           0x0000000000000000      0xd4c
                0x0000000000000000                . = ALIGN (0x4)
                0x0000000000000000                __text_start = .
                [!provide]                        PROVIDE (__text_start = __text_start)
                0x0000000000000000                . = ALIGN (0x4)
 *(.vectors)
 .vectors       0x0000000000000000       0x20 bmptk_cortex.o
                0x0000000000000000                __vectors
                0x0000000000000020                . = ALIGN (0x4)
 *(.text .text.* .gnu.linkonce.t.*)
 .text._ZN6matrix5flushEv
                0x0000000000000020        0x2 matrix.o
                0x0000000000000020                matrix::flush()
 .text._ZN6matrix20write_implementationEN5hwlib2xyENS0_5colorE
                0x0000000000000022       0x4a matrix.o
                0x0000000000000022                matrix::write_implementation(hwlib::xy, hwlib::color)
 .text._ZN6matrix5clearEv
                0x000000000000006c       0x3a matrix.o
                0x000000000000006c                matrix::clear()
 .text._ZN5hwlib6window20clear_implementationENS_5colorE
                0x00000000000000a6       0x7c matrix.o
                0x00000000000000a6                hwlib::window::clear_implementation(hwlib::color)
 .text._ZN5hwlib6window5clearENS_5colorE
                0x0000000000000122       0x56 matrix.o
                0x0000000000000122                hwlib::window::clear(hwlib::color)
 .text._ZN6sam3xa10SystemInitEv
                0x0000000000000178       0x7c matrix.o
                0x0000000000000178                sam3xa::SystemInit()
 .text._ZN3due8pin_infoENS_4pinsE
                0x00000000000001f4       0x20 matrix.o
                0x00000000000001f4                due::pin_info(due::pins)
 .text._ZN3due14port_registersEm
                0x0000000000000214       0x54 matrix.o
                0x0000000000000214                due::port_registers(unsigned long)
 .text._ZN3due12ticks_per_usEv
                0x0000000000000268        0x6 matrix.o
                0x0000000000000268                due::ticks_per_us()
 *fill*         0x000000000000026e        0x2 
 .text._ZN3due9now_ticksEv
                0x0000000000000270       0x80 matrix.o
                0x0000000000000270                due::now_ticks()
 .text._ZN6matrix10show_frameEv
                0x00000000000002f0       0xfe matrix.o
                0x00000000000002f0                matrix::show_frame()
 .text._ZN15graphics_drawer8draw_allEv
                0x00000000000003ee       0x40 graphics_drawer.o
                0x00000000000003ee                graphics_drawer::draw_all()
 .text._ZN15graphics_drawer10update_allEv
                0x000000000000042e       0x22 graphics_drawer.o
                0x000000000000042e                graphics_drawer::update_all()
 .text._ZN15graphics_drawerlsERN5hwlib8drawableE
                0x0000000000000450       0x10 graphics_drawer.o
                0x0000000000000450                graphics_drawer::operator<<(hwlib::drawable&)
 .text._ZN5hwlib15pin_out_dummy_t5writeEb
                0x0000000000000460        0x2 hwlib.o
                0x0000000000000460                hwlib::pin_out_dummy_t::write(bool)
 .text._ZN5hwlib15pin_out_dummy_t5flushEv
                0x0000000000000462        0x2 hwlib.o
                0x0000000000000462                hwlib::pin_out_dummy_t::flush()
 .text._ZN5hwlib20port_out_from_pins_t14number_of_pinsEv
                0x0000000000000464        0x4 hwlib.o
                0x0000000000000464                hwlib::port_out_from_pins_t::number_of_pins()
 .text._ZN5hwlib20port_out_from_pins_t5writeEj
                0x0000000000000468       0x28 hwlib.o
                0x0000000000000468                hwlib::port_out_from_pins_t::write(unsigned int)
 .text._ZN5hwlib20port_out_from_pins_t5flushEv
                0x0000000000000490       0x20 hwlib.o
                0x0000000000000490                hwlib::port_out_from_pins_t::flush()
 .text._ZN5hwlib5panicEPKcj
                0x00000000000004b0        0x2 hwlib.o
                0x00000000000004b0                hwlib::panic(char const*, unsigned int)
 *fill*         0x00000000000004b2        0x2 
 .text._ZN5hwlib10background18do_background_workEv
                0x00000000000004b4       0x3c hwlib.o
                0x00000000000004b4                hwlib::background::do_background_work()
 .text._ZN5hwlib3allENS_2xyE
                0x00000000000004f0       0x16 hwlib.o
                0x00000000000004f0                hwlib::all(hwlib::xy)
 .text._ZN5hwlib6window5writeENS_2xyENS_5colorE
                0x0000000000000506       0x5c hwlib.o
                0x0000000000000506                hwlib::window::write(hwlib::xy, hwlib::color)
 .text._ZN5hwlib4line4drawERNS_6windowE
                0x0000000000000562       0xa2 hwlib.o
                0x0000000000000562                hwlib::line::draw(hwlib::window&)
 .text._ZN5hwlib6now_usEv
                0x0000000000000604       0x1c hwlib.o
                0x0000000000000604                hwlib::now_us()
 .text._ZN5hwlib7wait_usEi
                0x0000000000000620       0x22 hwlib.o
                0x0000000000000620                hwlib::wait_us(int)
 .text._ZN5hwlib7wait_msEi
                0x0000000000000642       0x16 hwlib.o
                0x0000000000000642                hwlib::wait_ms(int)
 .text._ZN3due7pin_out5writeEb
                0x0000000000000658        0xe main.o
                0x0000000000000658                due::pin_out::write(bool)
 .text._ZN3due7pin_out5flushEv
                0x0000000000000666        0x2 main.o
                0x0000000000000666                due::pin_out::flush()
 .text._ZN15matrix_pins_rgb14number_of_pinsEv
                0x0000000000000668        0x4 main.o
                0x0000000000000668                matrix_pins_rgb::number_of_pins()
 .text._ZN15matrix_pins_rgb5writeEj
                0x000000000000066c       0x2e main.o
                0x000000000000066c                matrix_pins_rgb::write(unsigned int)
 .text._ZN15matrix_pins_rgb5flushEv
                0x000000000000069a       0x20 main.o
                0x000000000000069a                matrix_pins_rgb::flush()
 *fill*         0x00000000000006ba        0x2 
 .text._ZN3due7pin_outC2ENS_4pinsE
                0x00000000000006bc       0x34 main.o
                0x00000000000006bc                due::pin_out::pin_out(due::pins)
                0x00000000000006bc                due::pin_out::pin_out(due::pins)
 .text._ZN11matrix_partC2ER15matrix_pins_rgb
                0x00000000000006f0       0x26 main.o
                0x00000000000006f0                matrix_part::matrix_part(matrix_pins_rgb&)
                0x00000000000006f0                matrix_part::matrix_part(matrix_pins_rgb&)
 *fill*         0x0000000000000716        0x2 
 .text.startup.main
                0x0000000000000718      0x1a0 main.o
                0x0000000000000718                main
 .text.__startup
                0x00000000000008b8       0x48 bmptk_cortex.o
                0x00000000000008b8                __startup
 .text          0x0000000000000900       0x30 /usr/bin/../lib/gcc/arm-none-eabi/7.3.1/thumb/v7-m/libgcc.a(_aeabi_uldivmod.o)
                0x0000000000000900                __aeabi_uldivmod
 .text          0x0000000000000930      0x2d0 /usr/bin/../lib/gcc/arm-none-eabi/7.3.1/thumb/v7-m/libgcc.a(_udivmoddi4.o)
                0x0000000000000930                __udivmoddi4
 .text          0x0000000000000c00        0x4 /usr/bin/../lib/gcc/arm-none-eabi/7.3.1/thumb/v7-m/libgcc.a(_dvmd_tls.o)
                0x0000000000000c00                __aeabi_ldiv0
                0x0000000000000c04                . = ALIGN (0x4)
 *(.glue_7t .glue_7)
 .glue_7        0x0000000000000c04        0x0 linker stubs
 .glue_7t       0x0000000000000c04        0x0 linker stubs
                0x0000000000000c04                . = ALIGN (0x4)
 *(.rodata .rodata.* .gnu.linkonce.r.*)
 .rodata._ZN3due8pin_infoENS_4pinsE.str1.1
                0x0000000000000c04       0x32 matrix.o
 *fill*         0x0000000000000c36        0x2 
 .rodata._ZTV6matrix
                0x0000000000000c38       0x1c matrix.o
                0x0000000000000c38                vtable for matrix
 .rodata._ZZN3due8pin_infoENS_4pinsEE14pin_info_array
                0x0000000000000c54       0xa4 matrix.o
 .rodata._ZTVN5hwlib15pin_out_dummy_tE
                0x0000000000000cf8       0x10 hwlib.o
                0x0000000000000cf8                vtable for hwlib::pin_out_dummy_t
 .rodata._ZTVN5hwlib20port_out_from_pins_tE
                0x0000000000000d08       0x14 hwlib.o
                0x0000000000000d08                vtable for hwlib::port_out_from_pins_t
 .rodata._ZTVN5hwlib4lineE
                0x0000000000000d1c        0xc hwlib.o
                0x0000000000000d1c                vtable for hwlib::line
 .rodata._ZTVN3due7pin_outE
                0x0000000000000d28       0x10 main.o
                0x0000000000000d28                vtable for due::pin_out
 .rodata._ZTV15matrix_pins_rgb
                0x0000000000000d38       0x14 main.o
                0x0000000000000d38                vtable for matrix_pins_rgb
                0x0000000000000d4c                . = ALIGN (0x4)
 *(.ARM.extab* .gnu.linkonce.armextab.*)
                0x0000000000000d4c                . = ALIGN (0x4)
 *(.gcc_except_table)
                0x0000000000000d4c                . = ALIGN (0x4)
 *(.eh_frame_hdr)
                0x0000000000000d4c                . = ALIGN (0x4)
 *(.eh_frame)
                0x0000000000000d4c                . = ALIGN (0x4)
                0x0000000000000d4c                __text_end = .
                [!provide]                        PROVIDE (__text_end = __text_end)

.vfp11_veneer   0x0000000000000d4c        0x0
 .vfp11_veneer  0x0000000000000d4c        0x0 linker stubs

.v4_bx          0x0000000000000d4c        0x0
 .v4_bx         0x0000000000000d4c        0x0 linker stubs

.iplt           0x0000000000000d4c        0x0
 .iplt          0x0000000000000d4c        0x0 matrix.o

.IF_YOU_SEE_THIS_YOU_HAVE_ONE_OR_MORE_GLOBAL_OBJECT_CONSTRUCTORS
 *(.init)
 *(.preinit_array)
 *(SORT_BY_NAME(.init_array.*))
 *(.init_array)
                0x0000000000000d4c                . = ALIGN (0x4)
                0x0000000000000d4c                __exidx_start = .
                [!provide]                        PROVIDE (__exidx_start = __exidx_start)

.ARM.exidx      0x0000000000000d4c        0x8
 *(.ARM.exidx* .gnu.linkonce.armexidx.*)
 .ARM.exidx     0x0000000000000d4c        0x8 /usr/bin/../lib/gcc/arm-none-eabi/7.3.1/thumb/v7-m/libgcc.a(_udivmoddi4.o)

.rel.dyn        0x0000000000000d54        0x0
 .rel.iplt      0x0000000000000d54        0x0 matrix.o
                0x0000000000000d54                . = ALIGN (0x4)
                0x0000000000000d54                __exidx_end = .
                [!provide]                        PROVIDE (__exidx_end = __exidx_end)

.bss            0x0000000020000000    0x1201c
                0x0000000020000000                . = ALIGN (0x4)
                0x0000000020000000                __stack_start = .
                [!provide]                        PROVIDE (__stack_start = __stack_start)
                0x0000000020000000                . = ALIGN (0x4)
 *(.bmptk_stack)
 .bmptk_stack   0x0000000020000000    0x12000 bmptk_fixed_size_stack.o
                0x0000000020000000                bmptk_stack
                0x0000000020012000                . = ALIGN (0x8)
                0x0000000020012000                __main_stack_end = .
                [!provide]                        PROVIDE (__main_stack_end = __main_stack_end)
                0x0000000020012000                . = ALIGN (0x4)
                0x0000000020012000                __stack_end = .
                [!provide]                        PROVIDE (__stack_end = __stack_end)
                0x0000000020012000                . = ALIGN (0x4)
                0x0000000020012000                __bss_start = .
                [!provide]                        PROVIDE (__bss_start = __bss_start)
                0x0000000020012000                . = ALIGN (0x4)
 *(.bss .bss.* .gnu.linkonce.b.*)
 .bss._ZZN3due9now_ticksEvE4high
                0x0000000020012000        0x8 matrix.o
 .bss._ZZN3due9now_ticksEvE8last_low
                0x0000000020012008        0x4 matrix.o
 .bss._ZZN3due9now_ticksEvE9init_done
                0x000000002001200c        0x1 matrix.o
 *fill*         0x000000002001200d        0x3 
 .bss._ZN5hwlib10background5firstE
                0x0000000020012010        0x4 hwlib.o
                0x0000000020012010                hwlib::background::first
 .bss._ZN5hwlib10background7currentE
                0x0000000020012014        0x4 hwlib.o
                0x0000000020012014                hwlib::background::current
 .bss._ZN5hwlib10background7runningE
                0x0000000020012018        0x1 hwlib.o
                0x0000000020012018                hwlib::background::running
                0x000000002001201c                . = ALIGN (0x4)
 *fill*         0x0000000020012019        0x3 
 *(COMMON)
                0x000000002001201c                . = ALIGN (0x4)
                0x000000002001201c                __bss_end = .
                [!provide]                        PROVIDE (__bss_end = __bss_end)

.data           0x000000002001201c        0x8 load address 0x0000000000000d54
                0x000000002001201c                . = ALIGN (0x4)
                0x0000000000000d54                __data_init_start = LOADADDR (.data)
                [!provide]                        PROVIDE (__data_init_start = __data_init_start)
                0x000000002001201c                __data_start = .
                [!provide]                        PROVIDE (__data_start = __data_start)
                0x000000002001201c                . = ALIGN (0x4)
 *(.data .data.* .gnu.linkonce.d.*)
 .data._ZN6sam3xa15SystemCoreClockE
                0x000000002001201c        0x4 matrix.o
                0x000000002001201c                sam3xa::SystemCoreClock
 .data._ZN5hwlib13pin_out_dummyE
                0x0000000020012020        0x4 hwlib.o
                0x0000000020012020                hwlib::pin_out_dummy
                0x0000000020012024                . = ALIGN (0x4)
                0x0000000020012024                __data_end = .
                [!provide]                        PROVIDE (__data_end = __data_end)
                0x0000000000000d54                __data_init_end = LOADADDR (.data)
                [!provide]                        PROVIDE (__data_init_end = __data_init_end)
                [!provide]                        PROVIDE (__data_size = (__data_end - __data_start))
                [!provide]                        PROVIDE (__data_init_size = __data_size)
                [!provide]                        PROVIDE (__data_init_end = (__data_init_start + __data_init_size))

.igot.plt       0x0000000020012024        0x0 load address 0x0000000000000d5c
 .igot.plt      0x0000000020012024        0x0 matrix.o
                0x0000000020012024                . = ALIGN (0x4)
                0x0000000020012024                __heap_start = .
                [!provide]                        PROVIDE (__heap_start = __heap_start)
                0x0000000020012024                . = ALIGN (0x4)
                0x0000000020018000                __heap_end = __ram_end
                [!provide]                        PROVIDE (__heap_end = __heap_end)

.stab
 *(.stab)

.stabstr
 *(.stabstr)

.debug
 *(.debug)

.line
 *(.line)

.debug_srcinfo
 *(.debug_srcinfo)

.debug_sfnames
 *(.debug_sfnames)

.debug_aranges
 *(.debug_aranges)

.debug_pubnames
 *(.debug_pubnames)

.debug_info
 *(.debug_info .gnu.linkonce.wi.*)

.debug_abbrev
 *(.debug_abbrev)

.debug_line
 *(.debug_line)

.debug_frame    0x0000000000000000       0x60
 *(.debug_frame)
 .debug_frame   0x0000000000000000       0x2c /usr/bin/../lib/gcc/arm-none-eabi/7.3.1/thumb/v7-m/libgcc.a(_aeabi_uldivmod.o)
 .debug_frame   0x000000000000002c       0x34 /usr/bin/../lib/gcc/arm-none-eabi/7.3.1/thumb/v7-m/libgcc.a(_udivmoddi4.o)

.comment        0x0000000000000000       0x7f
 .comment       0x0000000000000000       0x7f matrix.o
                                         0x80 (size before relaxing)
 .comment       0x000000000000007f       0x80 graphics_drawer.o
 .comment       0x000000000000007f       0x80 hwlib.o
 .comment       0x000000000000007f       0x80 main.o
 .comment       0x000000000000007f       0x80 bmptk_cortex.o
 .comment       0x000000000000007f       0x80 bmptk_fixed_size_stack.o

.debug_str
 *(.debug_str)

.debug_loc
 *(.debug_loc)

.debug_macinfo
 *(.debug_macinfo)

.debug_weaknames
 *(.debug_weaknames)

.debug_funcnames
 *(.debug_funcnames)

.debug_typenames
 *(.debug_typenames)

.debug_varnames
 *(.debug_varnames)

.note.gnu.arm.ident
 *(.note.gnu.arm.ident)

.ARM.attributes
                0x0000000000000000       0x33
 *(.ARM.attributes)
 .ARM.attributes
                0x0000000000000000       0x33 matrix.o
 .ARM.attributes
                0x0000000000000033       0x33 graphics_drawer.o
 .ARM.attributes
                0x0000000000000066       0x33 hwlib.o
 .ARM.attributes
                0x0000000000000099       0x33 main.o
 .ARM.attributes
                0x00000000000000cc       0x33 bmptk_cortex.o
 .ARM.attributes
                0x00000000000000ff       0x33 bmptk_heap_none.o
 .ARM.attributes
                0x0000000000000132       0x33 bmptk_fixed_size_stack.o
 .ARM.attributes
                0x0000000000000165       0x1d /usr/bin/../lib/gcc/arm-none-eabi/7.3.1/thumb/v7-m/libgcc.a(_aeabi_uldivmod.o)
 .ARM.attributes
                0x0000000000000182       0x2d /usr/bin/../lib/gcc/arm-none-eabi/7.3.1/thumb/v7-m/libgcc.a(_udivmoddi4.o)
 .ARM.attributes
                0x00000000000001af       0x1d /usr/bin/../lib/gcc/arm-none-eabi/7.3.1/thumb/v7-m/libgcc.a(_dvmd_tls.o)

/DISCARD/
 *(.note.GNU-stack)
                [!provide]                        PROVIDE (__text_size = (__text_end - __text_start))
                [!provide]                        PROVIDE (__exidx_size = (__exidx_end - __exidx_start))
                [!provide]                        PROVIDE (__bss_size = (__bss_end - __bss_start))
                [!provide]                        PROVIDE (__stack_size = (__stack_end - __stack_start))
                [!provide]                        PROVIDE (__heap_size = (__heap_end - __heap_start))
OUTPUT(main.elf elf32-littlearm)
